25 500 25
50 500 50
75 500 75
100 500 100
125 500 125
150 500 150
175 500 175
200 500 200
225 500 225
250 500 250
275 500 275
300 500 300
325 500 325
350 500 350
375 500 375
400 500 400
425 500 400
450 500 401
475 500 406
500 500 406
COMPLETE 406 {'Adversarial': {'total': 100, 'correct': 100}, 'Code': {'total': 100, 'correct': 100}, 'English': {'total': 50, 'correct': 0}, 'Persian': {'total': 50, 'correct': 6}, 'Reasoning': {'total': 100, 'correct': 100}, 'World Model': {'total': 100, 'correct': 100}}
