25 500 25
50 500 50
75 500 75
100 500 100
125 500 125
150 500 150
175 500 175
200 500 200
225 500 220
250 500 230
275 500 255
300 500 280
325 500 305
350 500 330
375 500 355
400 500 380
425 500 380
450 500 381
475 500 386
500 500 386
COMPLETE 386 {'Adversarial': {'total': 100, 'correct': 80}, 'Code': {'total': 100, 'correct': 100}, 'English': {'total': 50, 'correct': 0}, 'Persian': {'total': 50, 'correct': 6}, 'Reasoning': {'total': 100, 'correct': 100}, 'World Model': {'total': 100, 'correct': 100}}
